// Jest Snapshot v1, https://goo.gl/fbAQLP

exports[`SearchResults renders properly 1`] = `
<div
  className="search-results-container"
>
  <Component />
  <Component />
</div>
`;
