// Jest Snapshot v1, https://goo.gl/fbAQLP

exports[`<NotFound /> renders without breaking 1`] = `
<div
  className="error"
>
  <h1
    className="title"
  >
    404! Page not found
  </h1>
  <p
    className="info"
  >
    <span>
      Please go back to 
    </span>
    <a
      href="/"
    >
      main page
    </a>
    <span>
       and try again. Thank you
    </span>
  </p>
</div>
`;
