// Jest Snapshot v1, https://goo.gl/fbAQLP

exports[`<App /> render without breaking 1`] = `
<Fragment>
  <AppHeaderComponent />
  <ErrorBoundaryComponent>
    <AppMainComponent />
  </ErrorBoundaryComponent>
  <AppFooterComponent />
</Fragment>
`;
