// Jest Snapshot v1, https://goo.gl/fbAQLP

exports[`<SearchResultsHeader /> render without breaking 1`] = `
<div
  className="search-results-header"
>
  <div
    className="search-results-header-inner"
  >
    <span>
      Films by  
    </span>
    action
    drama
    <span>
        genre 
    </span>
  </div>
</div>
`;
